// Jest Snapshot v1, https://goo.gl/fbAQLP

exports[`DJP Custom Paragraph renders correctly 1`] = `
Object {
  "html": "
      <style>
        :host {
        }
        p {
          display: block;
          margin: 1em 0;
        }
      </style>
      <p>
        <slot></slot>
      </p>
    ",
}
`;
